exports[`Card component renders the UI as expected 1`] = `
<div
  className="Card">
  <button
    className="button">
    delete
  </button>
  <h3>
    Test title
  </h3>
  <p>
    Test message
  </p>
</div>
`;

exports[`List component renders the UI as expected 1`] = `
<div
  className="Card">
  <button
    className="button">
    delete
  </button>
  <h3>
    Test title
  </h3>
  <p>
    Test message
  </p>
</div>
`;
